00:00 +0: loading D:/Gastronomic OS/test/features/recipes/presentation/pages/recipe_detail_page_test.dart
00:00 +0: RecipeDetailPage UI Tests Should display different instructions for mixed-diet family
ÔöîÔöÇÔöÇÔöÇÔöÇÔöÇÔöÇÔöÇÔöÇÔöÇÔöÇÔöÇÔöÇÔöÇÔöÇÔöÇÔöÇÔöÇÔöÇÔöÇÔöÇÔöÇÔöÇÔöÇÔöÇÔöÇÔöÇÔöÇÔöÇÔöÇÔöÇÔöÇÔöÇÔöÇÔöÇÔöÇÔöÇÔöÇÔöÇÔöÇÔöÇÔöÇÔöÇÔöÇÔöÇÔöÇÔöÇÔöÇÔöÇÔöÇÔöÇÔöÇÔöÇÔöÇÔöÇÔöÇÔöÇÔöÇÔöÇÔöÇÔöÇÔöÇÔöÇÔöÇÔöÇÔöÇÔöÇÔöÇÔöÇÔöÇÔöÇÔöÇÔöÇÔöÇÔöÇÔöÇÔöÇÔöÇÔöÇÔöÇÔöÇÔöÇÔöÇÔöÇÔöÇÔöÇÔöÇÔöÇÔöÇÔöÇÔöÇÔöÇÔöÇÔöÇÔöÇÔöÇÔöÇÔöÇÔöÇÔöÇÔöÇÔöÇÔöÇÔöÇÔöÇÔöÇÔöÇÔöÇÔöÇÔöÇÔöÇÔöÇÔöÇÔöÇÔöÇÔöÇÔöÇÔöÇÔöÇÔöÇ
Ôöé 10:48:16.633 (+0:00:00.001160)
Ôö£ÔöäÔöäÔöäÔöäÔöäÔöäÔöäÔöäÔöäÔöäÔöäÔöäÔöäÔöäÔöäÔöäÔöäÔöäÔöäÔöäÔöäÔöäÔöäÔöäÔöäÔöäÔöäÔöäÔöäÔöäÔöäÔöäÔöäÔöäÔöäÔöäÔöäÔöäÔöäÔöäÔöäÔöäÔöäÔöäÔöäÔöäÔöäÔöäÔöäÔöäÔöäÔöäÔöäÔöäÔöäÔöäÔöäÔöäÔöäÔöäÔöäÔöäÔöäÔöäÔöäÔöäÔöäÔöäÔöäÔöäÔöäÔöäÔöäÔöäÔöäÔöäÔöäÔöäÔöäÔöäÔöäÔöäÔöäÔöäÔöäÔöäÔöäÔöäÔöäÔöäÔöäÔöäÔöäÔöäÔöäÔöäÔöäÔöäÔöäÔöäÔöäÔöäÔöäÔöäÔöäÔöäÔöäÔöäÔöäÔöäÔöäÔöäÔöäÔöäÔöäÔöäÔöäÔöäÔöä
Ôöé ­ƒÉø ­ƒöì Resolver Step: "Prepare Base..." - isBranch: false, skippedForDiets: null
ÔööÔöÇÔöÇÔöÇÔöÇÔöÇÔöÇÔöÇÔöÇÔöÇÔöÇÔöÇÔöÇÔöÇÔöÇÔöÇÔöÇÔöÇÔöÇÔöÇÔöÇÔöÇÔöÇÔöÇÔöÇÔöÇÔöÇÔöÇÔöÇÔöÇÔöÇÔöÇÔöÇÔöÇÔöÇÔöÇÔöÇÔöÇÔöÇÔöÇÔöÇÔöÇÔöÇÔöÇÔöÇÔöÇÔöÇÔöÇÔöÇÔöÇÔöÇÔöÇÔöÇÔöÇÔöÇÔöÇÔöÇÔöÇÔöÇÔöÇÔöÇÔöÇÔöÇÔöÇÔöÇÔöÇÔöÇÔöÇÔöÇÔöÇÔöÇÔöÇÔöÇÔöÇÔöÇÔöÇÔöÇÔöÇÔöÇÔöÇÔöÇÔöÇÔöÇÔöÇÔöÇÔöÇÔöÇÔöÇÔöÇÔöÇÔöÇÔöÇÔöÇÔöÇÔöÇÔöÇÔöÇÔöÇÔöÇÔöÇÔöÇÔöÇÔöÇÔöÇÔöÇÔöÇÔöÇÔöÇÔöÇÔöÇÔöÇÔöÇÔöÇÔöÇÔöÇÔöÇÔöÇÔöÇÔöÇÔöÇ
ÔöîÔöÇÔöÇÔöÇÔöÇÔöÇÔöÇÔöÇÔöÇÔöÇÔöÇÔöÇÔöÇÔöÇÔöÇÔöÇÔöÇÔöÇÔöÇÔöÇÔöÇÔöÇÔöÇÔöÇÔöÇÔöÇÔöÇÔöÇÔöÇÔöÇÔöÇÔöÇÔöÇÔöÇÔöÇÔöÇÔöÇÔöÇÔöÇÔöÇÔöÇÔöÇÔöÇÔöÇÔöÇÔöÇÔöÇÔöÇÔöÇÔöÇÔöÇÔöÇÔöÇÔöÇÔöÇÔöÇÔöÇÔöÇÔöÇÔöÇÔöÇÔöÇÔöÇÔöÇÔöÇÔöÇÔöÇÔöÇÔöÇÔöÇÔöÇÔöÇÔöÇÔöÇÔöÇÔöÇÔöÇÔöÇÔöÇÔöÇÔöÇÔöÇÔöÇÔöÇÔöÇÔöÇÔöÇÔöÇÔöÇÔöÇÔöÇÔöÇÔöÇÔöÇÔöÇÔöÇÔöÇÔöÇÔöÇÔöÇÔöÇÔöÇÔöÇÔöÇÔöÇÔöÇÔöÇÔöÇÔöÇÔöÇÔöÇÔöÇÔöÇÔöÇÔöÇÔöÇÔöÇÔöÇÔöÇÔöÇ
Ôöé 10:48:16.636 (+0:00:00.004275)
Ôö£ÔöäÔöäÔöäÔöäÔöäÔöäÔöäÔöäÔöäÔöäÔöäÔöäÔöäÔöäÔöäÔöäÔöäÔöäÔöäÔöäÔöäÔöäÔöäÔöäÔöäÔöäÔöäÔöäÔöäÔöäÔöäÔöäÔöäÔöäÔöäÔöäÔöäÔöäÔöäÔöäÔöäÔöäÔöäÔöäÔöäÔöäÔöäÔöäÔöäÔöäÔöäÔöäÔöäÔöäÔöäÔöäÔöäÔöäÔöäÔöäÔöäÔöäÔöäÔöäÔöäÔöäÔöäÔöäÔöäÔöäÔöäÔöäÔöäÔöäÔöäÔöäÔöäÔöäÔöäÔöäÔöäÔöäÔöäÔöäÔöäÔöäÔöäÔöäÔöäÔöäÔöäÔöäÔöäÔöäÔöäÔöäÔöäÔöäÔöäÔöäÔöäÔöäÔöäÔöäÔöäÔöäÔöäÔöäÔöäÔöäÔöäÔöäÔöäÔöäÔöäÔöäÔöäÔöäÔöä
Ôöé ­ƒÉø    Ô£à Applicable diets: [Omnivore, Vegan]
ÔööÔöÇÔöÇÔöÇÔöÇÔöÇÔöÇÔöÇÔöÇÔöÇÔöÇÔöÇÔöÇÔöÇÔöÇÔöÇÔöÇÔöÇÔöÇÔöÇÔöÇÔöÇÔöÇÔöÇÔöÇÔöÇÔöÇÔöÇÔöÇÔöÇÔöÇÔöÇÔöÇÔöÇÔöÇÔöÇÔöÇÔöÇÔöÇÔöÇÔöÇÔöÇÔöÇÔöÇÔöÇÔöÇÔöÇÔöÇÔöÇÔöÇÔöÇÔöÇÔöÇÔöÇÔöÇÔöÇÔöÇÔöÇÔöÇÔöÇÔöÇÔöÇÔöÇÔöÇÔöÇÔöÇÔöÇÔöÇÔöÇÔöÇÔöÇÔöÇÔöÇÔöÇÔöÇÔöÇÔöÇÔöÇÔöÇÔöÇÔöÇÔöÇÔöÇÔöÇÔöÇÔöÇÔöÇÔöÇÔöÇÔöÇÔöÇÔöÇÔöÇÔöÇÔöÇÔöÇÔöÇÔöÇÔöÇÔöÇÔöÇÔöÇÔöÇÔöÇÔöÇÔöÇÔöÇÔöÇÔöÇÔöÇÔöÇÔöÇÔöÇÔöÇÔöÇÔöÇÔöÇÔöÇÔöÇÔöÇ
ÔöîÔöÇÔöÇÔöÇÔöÇÔöÇÔöÇÔöÇÔöÇÔöÇÔöÇÔöÇÔöÇÔöÇÔöÇÔöÇÔöÇÔöÇÔöÇÔöÇÔöÇÔöÇÔöÇÔöÇÔöÇÔöÇÔöÇÔöÇÔöÇÔöÇÔöÇÔöÇÔöÇÔöÇÔöÇÔöÇÔöÇÔöÇÔöÇÔöÇÔöÇÔöÇÔöÇÔöÇÔöÇÔöÇÔöÇÔöÇÔöÇÔöÇÔöÇÔöÇÔöÇÔöÇÔöÇÔöÇÔöÇÔöÇÔöÇÔöÇÔöÇÔöÇÔöÇÔöÇÔöÇÔöÇÔöÇÔöÇÔöÇÔöÇÔöÇÔöÇÔöÇÔöÇÔöÇÔöÇÔöÇÔöÇÔöÇÔöÇÔöÇÔöÇÔöÇÔöÇÔöÇÔöÇÔöÇÔöÇÔöÇÔöÇÔöÇÔöÇÔöÇÔöÇÔöÇÔöÇÔöÇÔöÇÔöÇÔöÇÔöÇÔöÇÔöÇÔöÇÔöÇÔöÇÔöÇÔöÇÔöÇÔöÇÔöÇÔöÇÔöÇÔöÇÔöÇÔöÇÔöÇÔöÇÔöÇÔöÇ
Ôöé 10:48:16.636 (+0:00:00.004275)
Ôö£ÔöäÔöäÔöäÔöäÔöäÔöäÔöäÔöäÔöäÔöäÔöäÔöäÔöäÔöäÔöäÔöäÔöäÔöäÔöäÔöäÔöäÔöäÔöäÔöäÔöäÔöäÔöäÔöäÔöäÔöäÔöäÔöäÔöäÔöäÔöäÔöäÔöäÔöäÔöäÔöäÔöäÔöäÔöäÔöäÔöäÔöäÔöäÔöäÔöäÔöäÔöäÔöäÔöäÔöäÔöäÔöäÔöäÔöäÔöäÔöäÔöäÔöäÔöäÔöäÔöäÔöäÔöäÔöäÔöäÔöäÔöäÔöäÔöäÔöäÔöäÔöäÔöäÔöäÔöäÔöäÔöäÔöäÔöäÔöäÔöäÔöäÔöäÔöäÔöäÔöäÔöäÔöäÔöäÔöäÔöäÔöäÔöäÔöäÔöäÔöäÔöäÔöäÔöäÔöäÔöäÔöäÔöäÔöäÔöäÔöäÔöäÔöäÔöäÔöäÔöäÔöäÔöäÔöäÔöä
Ôöé ­ƒÉø    ­ƒôØ Creating universal step for: [Dad, Mom]
ÔööÔöÇÔöÇÔöÇÔöÇÔöÇÔöÇÔöÇÔöÇÔöÇÔöÇÔöÇÔöÇÔöÇÔöÇÔöÇÔöÇÔöÇÔöÇÔöÇÔöÇÔöÇÔöÇÔöÇÔöÇÔöÇÔöÇÔöÇÔöÇÔöÇÔöÇÔöÇÔöÇÔöÇÔöÇÔöÇÔöÇÔöÇÔöÇÔöÇÔöÇÔöÇÔöÇÔöÇÔöÇÔöÇÔöÇÔöÇÔöÇÔöÇÔöÇÔöÇÔöÇÔöÇÔöÇÔöÇÔöÇÔöÇÔöÇÔöÇÔöÇÔöÇÔöÇÔöÇÔöÇÔöÇÔöÇÔöÇÔöÇÔöÇÔöÇÔöÇÔöÇÔöÇÔöÇÔöÇÔöÇÔöÇÔöÇÔöÇÔöÇÔöÇÔöÇÔöÇÔöÇÔöÇÔöÇÔöÇÔöÇÔöÇÔöÇÔöÇÔöÇÔöÇÔöÇÔöÇÔöÇÔöÇÔöÇÔöÇÔöÇÔöÇÔöÇÔöÇÔöÇÔöÇÔöÇÔöÇÔöÇÔöÇÔöÇÔöÇÔöÇÔöÇÔöÇÔöÇÔöÇÔöÇÔöÇÔöÇ
ÔöîÔöÇÔöÇÔöÇÔöÇÔöÇÔöÇÔöÇÔöÇÔöÇÔöÇÔöÇÔöÇÔöÇÔöÇÔöÇÔöÇÔöÇÔöÇÔöÇÔöÇÔöÇÔöÇÔöÇÔöÇÔöÇÔöÇÔöÇÔöÇÔöÇÔöÇÔöÇÔöÇÔöÇÔöÇÔöÇÔöÇÔöÇÔöÇÔöÇÔöÇÔöÇÔöÇÔöÇÔöÇÔöÇÔöÇÔöÇÔöÇÔöÇÔöÇÔöÇÔöÇÔöÇÔöÇÔöÇÔöÇÔöÇÔöÇÔöÇÔöÇÔöÇÔöÇÔöÇÔöÇÔöÇÔöÇÔöÇÔöÇÔöÇÔöÇÔöÇÔöÇÔöÇÔöÇÔöÇÔöÇÔöÇÔöÇÔöÇÔöÇÔöÇÔöÇÔöÇÔöÇÔöÇÔöÇÔöÇÔöÇÔöÇÔöÇÔöÇÔöÇÔöÇÔöÇÔöÇÔöÇÔöÇÔöÇÔöÇÔöÇÔöÇÔöÇÔöÇÔöÇÔöÇÔöÇÔöÇÔöÇÔöÇÔöÇÔöÇÔöÇÔöÇÔöÇÔöÇÔöÇÔöÇÔöÇÔöÇ
Ôöé 10:48:16.637 (+0:00:00.004793)
Ôö£ÔöäÔöäÔöäÔöäÔöäÔöäÔöäÔöäÔöäÔöäÔöäÔöäÔöäÔöäÔöäÔöäÔöäÔöäÔöäÔöäÔöäÔöäÔöäÔöäÔöäÔöäÔöäÔöäÔöäÔöäÔöäÔöäÔöäÔöäÔöäÔöäÔöäÔöäÔöäÔöäÔöäÔöäÔöäÔöäÔöäÔöäÔöäÔöäÔöäÔöäÔöäÔöäÔöäÔöäÔöäÔöäÔöäÔöäÔöäÔöäÔöäÔöäÔöäÔöäÔöäÔöäÔöäÔöäÔöäÔöäÔöäÔöäÔöäÔöäÔöäÔöäÔöäÔöäÔöäÔöäÔöäÔöäÔöäÔöäÔöäÔöäÔöäÔöäÔöäÔöäÔöäÔöäÔöäÔöäÔöäÔöäÔöäÔöäÔöäÔöäÔöäÔöäÔöäÔöäÔöäÔöäÔöäÔöäÔöäÔöäÔöäÔöäÔöäÔöäÔöäÔöäÔöäÔöäÔöä
Ôöé ­ƒÉø ­ƒöì Resolver Step: "Cook Protein..." - isBranch: true, skippedForDiets: null
ÔööÔöÇÔöÇÔöÇÔöÇÔöÇÔöÇÔöÇÔöÇÔöÇÔöÇÔöÇÔöÇÔöÇÔöÇÔöÇÔöÇÔöÇÔöÇÔöÇÔöÇÔöÇÔöÇÔöÇÔöÇÔöÇÔöÇÔöÇÔöÇÔöÇÔöÇÔöÇÔöÇÔöÇÔöÇÔöÇÔöÇÔöÇÔöÇÔöÇÔöÇÔöÇÔöÇÔöÇÔöÇÔöÇÔöÇÔöÇÔöÇÔöÇÔöÇÔöÇÔöÇÔöÇÔöÇÔöÇÔöÇÔöÇÔöÇÔöÇÔöÇÔöÇÔöÇÔöÇÔöÇÔöÇÔöÇÔöÇÔöÇÔöÇÔöÇÔöÇÔöÇÔöÇÔöÇÔöÇÔöÇÔöÇÔöÇÔöÇÔöÇÔöÇÔöÇÔöÇÔöÇÔöÇÔöÇÔöÇÔöÇÔöÇÔöÇÔöÇÔöÇÔöÇÔöÇÔöÇÔöÇÔöÇÔöÇÔöÇÔöÇÔöÇÔöÇÔöÇÔöÇÔöÇÔöÇÔöÇÔöÇÔöÇÔöÇÔöÇÔöÇÔöÇÔöÇÔöÇÔöÇÔöÇÔöÇÔöÇ
ÔöîÔöÇÔöÇÔöÇÔöÇÔöÇÔöÇÔöÇÔöÇÔöÇÔöÇÔöÇÔöÇÔöÇÔöÇÔöÇÔöÇÔöÇÔöÇÔöÇÔöÇÔöÇÔöÇÔöÇÔöÇÔöÇÔöÇÔöÇÔöÇÔöÇÔöÇÔöÇÔöÇÔöÇÔöÇÔöÇÔöÇÔöÇÔöÇÔöÇÔöÇÔöÇÔöÇÔöÇÔöÇÔöÇÔöÇÔöÇÔöÇÔöÇÔöÇÔöÇÔöÇÔöÇÔöÇÔöÇÔöÇÔöÇÔöÇÔöÇÔöÇÔöÇÔöÇÔöÇÔöÇÔöÇÔöÇÔöÇÔöÇÔöÇÔöÇÔöÇÔöÇÔöÇÔöÇÔöÇÔöÇÔöÇÔöÇÔöÇÔöÇÔöÇÔöÇÔöÇÔöÇÔöÇÔöÇÔöÇÔöÇÔöÇÔöÇÔöÇÔöÇÔöÇÔöÇÔöÇÔöÇÔöÇÔöÇÔöÇÔöÇÔöÇÔöÇÔöÇÔöÇÔöÇÔöÇÔöÇÔöÇÔöÇÔöÇÔöÇÔöÇÔöÇÔöÇÔöÇÔöÇÔöÇÔöÇÔöÇ
Ôöé 10:48:16.637 (+0:00:00.004793)
Ôö£ÔöäÔöäÔöäÔöäÔöäÔöäÔöäÔöäÔöäÔöäÔöäÔöäÔöäÔöäÔöäÔöäÔöäÔöäÔöäÔöäÔöäÔöäÔöäÔöäÔöäÔöäÔöäÔöäÔöäÔöäÔöäÔöäÔöäÔöäÔöäÔöäÔöäÔöäÔöäÔöäÔöäÔöäÔöäÔöäÔöäÔöäÔöäÔöäÔöäÔöäÔöäÔöäÔöäÔöäÔöäÔöäÔöäÔöäÔöäÔöäÔöäÔöäÔöäÔöäÔöäÔöäÔöäÔöäÔöäÔöäÔöäÔöäÔöäÔöäÔöäÔöäÔöäÔöäÔöäÔöäÔöäÔöäÔöäÔöäÔöäÔöäÔöäÔöäÔöäÔöäÔöäÔöäÔöäÔöäÔöäÔöäÔöäÔöäÔöäÔöäÔöäÔöäÔöäÔöäÔöäÔöäÔöäÔöäÔöäÔöäÔöäÔöäÔöäÔöäÔöäÔöäÔöäÔöäÔöä
Ôöé ­ƒÉø    Ô£à Applicable diets: [Omnivore, Vegan]
ÔööÔöÇÔöÇÔöÇÔöÇÔöÇÔöÇÔöÇÔöÇÔöÇÔöÇÔöÇÔöÇÔöÇÔöÇÔöÇÔöÇÔöÇÔöÇÔöÇÔöÇÔöÇÔöÇÔöÇÔöÇÔöÇÔöÇÔöÇÔöÇÔöÇÔöÇÔöÇÔöÇÔöÇÔöÇÔöÇÔöÇÔöÇÔöÇÔöÇÔöÇÔöÇÔöÇÔöÇÔöÇÔöÇÔöÇÔöÇÔöÇÔöÇÔöÇÔöÇÔöÇÔöÇÔöÇÔöÇÔöÇÔöÇÔöÇÔöÇÔöÇÔöÇÔöÇÔöÇÔöÇÔöÇÔöÇÔöÇÔöÇÔöÇÔöÇÔöÇÔöÇÔöÇÔöÇÔöÇÔöÇÔöÇÔöÇÔöÇÔöÇÔöÇÔöÇÔöÇÔöÇÔöÇÔöÇÔöÇÔöÇÔöÇÔöÇÔöÇÔöÇÔöÇÔöÇÔöÇÔöÇÔöÇÔöÇÔöÇÔöÇÔöÇÔöÇÔöÇÔöÇÔöÇÔöÇÔöÇÔöÇÔöÇÔöÇÔöÇÔöÇÔöÇÔöÇÔöÇÔöÇÔöÇÔöÇÔöÇ
ÔöîÔöÇÔöÇÔöÇÔöÇÔöÇÔöÇÔöÇÔöÇÔöÇÔöÇÔöÇÔöÇÔöÇÔöÇÔöÇÔöÇÔöÇÔöÇÔöÇÔöÇÔöÇÔöÇÔöÇÔöÇÔöÇÔöÇÔöÇÔöÇÔöÇÔöÇÔöÇÔöÇÔöÇÔöÇÔöÇÔöÇÔöÇÔöÇÔöÇÔöÇÔöÇÔöÇÔöÇÔöÇÔöÇÔöÇÔöÇÔöÇÔöÇÔöÇÔöÇÔöÇÔöÇÔöÇÔöÇÔöÇÔöÇÔöÇÔöÇÔöÇÔöÇÔöÇÔöÇÔöÇÔöÇÔöÇÔöÇÔöÇÔöÇÔöÇÔöÇÔöÇÔöÇÔöÇÔöÇÔöÇÔöÇÔöÇÔöÇÔöÇÔöÇÔöÇÔöÇÔöÇÔöÇÔöÇÔöÇÔöÇÔöÇÔöÇÔöÇÔöÇÔöÇÔöÇÔöÇÔöÇÔöÇÔöÇÔöÇÔöÇÔöÇÔöÇÔöÇÔöÇÔöÇÔöÇÔöÇÔöÇÔöÇÔöÇÔöÇÔöÇÔöÇÔöÇÔöÇÔöÇÔöÇÔöÇÔöÇ
Ôöé 10:48:16.651 (+0:00:00.018872)
Ôö£ÔöäÔöäÔöäÔöäÔöäÔöäÔöäÔöäÔöäÔöäÔöäÔöäÔöäÔöäÔöäÔöäÔöäÔöäÔöäÔöäÔöäÔöäÔöäÔöäÔöäÔöäÔöäÔöäÔöäÔöäÔöäÔöäÔöäÔöäÔöäÔöäÔöäÔöäÔöäÔöäÔöäÔöäÔöäÔöäÔöäÔöäÔöäÔöäÔöäÔöäÔöäÔöäÔöäÔöäÔöäÔöäÔöäÔöäÔöäÔöäÔöäÔöäÔöäÔöäÔöäÔöäÔöäÔöäÔöäÔöäÔöäÔöäÔöäÔöäÔöäÔöäÔöäÔöäÔöäÔöäÔöäÔöäÔöäÔöäÔöäÔöäÔöäÔöäÔöäÔöäÔöäÔöäÔöäÔöäÔöäÔöäÔöäÔöäÔöäÔöäÔöäÔöäÔöäÔöäÔöäÔöäÔöäÔöäÔöäÔöäÔöäÔöäÔöäÔöäÔöäÔöäÔöäÔöäÔöä
Ôöé ­ƒÉø ­ƒöì Resolver Step: "Prepare Base..." - isBranch: false, skippedForDiets: null
ÔööÔöÇÔöÇÔöÇÔöÇÔöÇÔöÇÔöÇÔöÇÔöÇÔöÇÔöÇÔöÇÔöÇÔöÇÔöÇÔöÇÔöÇÔöÇÔöÇÔöÇÔöÇÔöÇÔöÇÔöÇÔöÇÔöÇÔöÇÔöÇÔöÇÔöÇÔöÇÔöÇÔöÇÔöÇÔöÇÔöÇÔöÇÔöÇÔöÇÔöÇÔöÇÔöÇÔöÇÔöÇÔöÇÔöÇÔöÇÔöÇÔöÇÔöÇÔöÇÔöÇÔöÇÔöÇÔöÇÔöÇÔöÇÔöÇÔöÇÔöÇÔöÇÔöÇÔöÇÔöÇÔöÇÔöÇÔöÇÔöÇÔöÇÔöÇÔöÇÔöÇÔöÇÔöÇÔöÇÔöÇÔöÇÔöÇÔöÇÔöÇÔöÇÔöÇÔöÇÔöÇÔöÇÔöÇÔöÇÔöÇÔöÇÔöÇÔöÇÔöÇÔöÇÔöÇÔöÇÔöÇÔöÇÔöÇÔöÇÔöÇÔöÇÔöÇÔöÇÔöÇÔöÇÔöÇÔöÇÔöÇÔöÇÔöÇÔöÇÔöÇÔöÇÔöÇÔöÇÔöÇÔöÇÔöÇÔöÇ
ÔöîÔöÇÔöÇÔöÇÔöÇÔöÇÔöÇÔöÇÔöÇÔöÇÔöÇÔöÇÔöÇÔöÇÔöÇÔöÇÔöÇÔöÇÔöÇÔöÇÔöÇÔöÇÔöÇÔöÇÔöÇÔöÇÔöÇÔöÇÔöÇÔöÇÔöÇÔöÇÔöÇÔöÇÔöÇÔöÇÔöÇÔöÇÔöÇÔöÇÔöÇÔöÇÔöÇÔöÇÔöÇÔöÇÔöÇÔöÇÔöÇÔöÇÔöÇÔöÇÔöÇÔöÇÔöÇÔöÇÔöÇÔöÇÔöÇÔöÇÔöÇÔöÇÔöÇÔöÇÔöÇÔöÇÔöÇÔöÇÔöÇÔöÇÔöÇÔöÇÔöÇÔöÇÔöÇÔöÇÔöÇÔöÇÔöÇÔöÇÔöÇÔöÇÔöÇÔöÇÔöÇÔöÇÔöÇÔöÇÔöÇÔöÇÔöÇÔöÇÔöÇÔöÇÔöÇÔöÇÔöÇÔöÇÔöÇÔöÇÔöÇÔöÇÔöÇÔöÇÔöÇÔöÇÔöÇÔöÇÔöÇÔöÇÔöÇÔöÇÔöÇÔöÇÔöÇÔöÇÔöÇÔöÇÔöÇÔöÇ
Ôöé 10:48:16.651 (+0:00:00.018872)
Ôö£ÔöäÔöäÔöäÔöäÔöäÔöäÔöäÔöäÔöäÔöäÔöäÔöäÔöäÔöäÔöäÔöäÔöäÔöäÔöäÔöäÔöäÔöäÔöäÔöäÔöäÔöäÔöäÔöäÔöäÔöäÔöäÔöäÔöäÔöäÔöäÔöäÔöäÔöäÔöäÔöäÔöäÔöäÔöäÔöäÔöäÔöäÔöäÔöäÔöäÔöäÔöäÔöäÔöäÔöäÔöäÔöäÔöäÔöäÔöäÔöäÔöäÔöäÔöäÔöäÔöäÔöäÔöäÔöäÔöäÔöäÔöäÔöäÔöäÔöäÔöäÔöäÔöäÔöäÔöäÔöäÔöäÔöäÔöäÔöäÔöäÔöäÔöäÔöäÔöäÔöäÔöäÔöäÔöäÔöäÔöäÔöäÔöäÔöäÔöäÔöäÔöäÔöäÔöäÔöäÔöäÔöäÔöäÔöäÔöäÔöäÔöäÔöäÔöäÔöäÔöäÔöäÔöäÔöäÔöä
Ôöé ­ƒÉø    Ô£à Applicable diets: [Omnivore, Vegan]
ÔööÔöÇÔöÇÔöÇÔöÇÔöÇÔöÇÔöÇÔöÇÔöÇÔöÇÔöÇÔöÇÔöÇÔöÇÔöÇÔöÇÔöÇÔöÇÔöÇÔöÇÔöÇÔöÇÔöÇÔöÇÔöÇÔöÇÔöÇÔöÇÔöÇÔöÇÔöÇÔöÇÔöÇÔöÇÔöÇÔöÇÔöÇÔöÇÔöÇÔöÇÔöÇÔöÇÔöÇÔöÇÔöÇÔöÇÔöÇÔöÇÔöÇÔöÇÔöÇÔöÇÔöÇÔöÇÔöÇÔöÇÔöÇÔöÇÔöÇÔöÇÔöÇÔöÇÔöÇÔöÇÔöÇÔöÇÔöÇÔöÇÔöÇÔöÇÔöÇÔöÇÔöÇÔöÇÔöÇÔöÇÔöÇÔöÇÔöÇÔöÇÔöÇÔöÇÔöÇÔöÇÔöÇÔöÇÔöÇÔöÇÔöÇÔöÇÔöÇÔöÇÔöÇÔöÇÔöÇÔöÇÔöÇÔöÇÔöÇÔöÇÔöÇÔöÇÔöÇÔöÇÔöÇÔöÇÔöÇÔöÇÔöÇÔöÇÔöÇÔöÇÔöÇÔöÇÔöÇÔöÇÔöÇÔöÇÔöÇ
ÔöîÔöÇÔöÇÔöÇÔöÇÔöÇÔöÇÔöÇÔöÇÔöÇÔöÇÔöÇÔöÇÔöÇÔöÇÔöÇÔöÇÔöÇÔöÇÔöÇÔöÇÔöÇÔöÇÔöÇÔöÇÔöÇÔöÇÔöÇÔöÇÔöÇÔöÇÔöÇÔöÇÔöÇÔöÇÔöÇÔöÇÔöÇÔöÇÔöÇÔöÇÔöÇÔöÇÔöÇÔöÇÔöÇÔöÇÔöÇÔöÇÔöÇÔöÇÔöÇÔöÇÔöÇÔöÇÔöÇÔöÇÔöÇÔöÇÔöÇÔöÇÔöÇÔöÇÔöÇÔöÇÔöÇÔöÇÔöÇÔöÇÔöÇÔöÇÔöÇÔöÇÔöÇÔöÇÔöÇÔöÇÔöÇÔöÇÔöÇÔöÇÔöÇÔöÇÔöÇÔöÇÔöÇÔöÇÔöÇÔöÇÔöÇÔöÇÔöÇÔöÇÔöÇÔöÇÔöÇÔöÇÔöÇÔöÇÔöÇÔöÇÔöÇÔöÇÔöÇÔöÇÔöÇÔöÇÔöÇÔöÇÔöÇÔöÇÔöÇÔöÇÔöÇÔöÇÔöÇÔöÇÔöÇÔöÇÔöÇ
Ôöé 10:48:16.651 (+0:00:00.018872)
Ôö£ÔöäÔöäÔöäÔöäÔöäÔöäÔöäÔöäÔöäÔöäÔöäÔöäÔöäÔöäÔöäÔöäÔöäÔöäÔöäÔöäÔöäÔöäÔöäÔöäÔöäÔöäÔöäÔöäÔöäÔöäÔöäÔöäÔöäÔöäÔöäÔöäÔöäÔöäÔöäÔöäÔöäÔöäÔöäÔöäÔöäÔöäÔöäÔöäÔöäÔöäÔöäÔöäÔöäÔöäÔöäÔöäÔöäÔöäÔöäÔöäÔöäÔöäÔöäÔöäÔöäÔöäÔöäÔöäÔöäÔöäÔöäÔöäÔöäÔöäÔöäÔöäÔöäÔöäÔöäÔöäÔöäÔöäÔöäÔöäÔöäÔöäÔöäÔöäÔöäÔöäÔöäÔöäÔöäÔöäÔöäÔöäÔöäÔöäÔöäÔöäÔöäÔöäÔöäÔöäÔöäÔöäÔöäÔöäÔöäÔöäÔöäÔöäÔöäÔöäÔöäÔöäÔöäÔöäÔöä
Ôöé ­ƒÉø    ­ƒôØ Creating universal step for: [Dad, Mom]
ÔööÔöÇÔöÇÔöÇÔöÇÔöÇÔöÇÔöÇÔöÇÔöÇÔöÇÔöÇÔöÇÔöÇÔöÇÔöÇÔöÇÔöÇÔöÇÔöÇÔöÇÔöÇÔöÇÔöÇÔöÇÔöÇÔöÇÔöÇÔöÇÔöÇÔöÇÔöÇÔöÇÔöÇÔöÇÔöÇÔöÇÔöÇÔöÇÔöÇÔöÇÔöÇÔöÇÔöÇÔöÇÔöÇÔöÇÔöÇÔöÇÔöÇÔöÇÔöÇÔöÇÔöÇÔöÇÔöÇÔöÇÔöÇÔöÇÔöÇÔöÇÔöÇÔöÇÔöÇÔöÇÔöÇÔöÇÔöÇÔöÇÔöÇÔöÇÔöÇÔöÇÔöÇÔöÇÔöÇÔöÇÔöÇÔöÇÔöÇÔöÇÔöÇÔöÇÔöÇÔöÇÔöÇÔöÇÔöÇÔöÇÔöÇÔöÇÔöÇÔöÇÔöÇÔöÇÔöÇÔöÇÔöÇÔöÇÔöÇÔöÇÔöÇÔöÇÔöÇÔöÇÔöÇÔöÇÔöÇÔöÇÔöÇÔöÇÔöÇÔöÇÔöÇÔöÇÔöÇÔöÇÔöÇÔöÇÔöÇ
ÔöîÔöÇÔöÇÔöÇÔöÇÔöÇÔöÇÔöÇÔöÇÔöÇÔöÇÔöÇÔöÇÔöÇÔöÇÔöÇÔöÇÔöÇÔöÇÔöÇÔöÇÔöÇÔöÇÔöÇÔöÇÔöÇÔöÇÔöÇÔöÇÔöÇÔöÇÔöÇÔöÇÔöÇÔöÇÔöÇÔöÇÔöÇÔöÇÔöÇÔöÇÔöÇÔöÇÔöÇÔöÇÔöÇÔöÇÔöÇÔöÇÔöÇÔöÇÔöÇÔöÇÔöÇÔöÇÔöÇÔöÇÔöÇÔöÇÔöÇÔöÇÔöÇÔöÇÔöÇÔöÇÔöÇÔöÇÔöÇÔöÇÔöÇÔöÇÔöÇÔöÇÔöÇÔöÇÔöÇÔöÇÔöÇÔöÇÔöÇÔöÇÔöÇÔöÇÔöÇÔöÇÔöÇÔöÇÔöÇÔöÇÔöÇÔöÇÔöÇÔöÇÔöÇÔöÇÔöÇÔöÇÔöÇÔöÇÔöÇÔöÇÔöÇÔöÇÔöÇÔöÇÔöÇÔöÇÔöÇÔöÇÔöÇÔöÇÔöÇÔöÇÔöÇÔöÇÔöÇÔöÇÔöÇÔöÇÔöÇ
Ôöé 10:48:16.651 (+0:00:00.018872)
Ôö£ÔöäÔöäÔöäÔöäÔöäÔöäÔöäÔöäÔöäÔöäÔöäÔöäÔöäÔöäÔöäÔöäÔöäÔöäÔöäÔöäÔöäÔöäÔöäÔöäÔöäÔöäÔöäÔöäÔöäÔöäÔöäÔöäÔöäÔöäÔöäÔöäÔöäÔöäÔöäÔöäÔöäÔöäÔöäÔöäÔöäÔöäÔöäÔöäÔöäÔöäÔöäÔöäÔöäÔöäÔöäÔöäÔöäÔöäÔöäÔöäÔöäÔöäÔöäÔöäÔöäÔöäÔöäÔöäÔöäÔöäÔöäÔöäÔöäÔöäÔöäÔöäÔöäÔöäÔöäÔöäÔöäÔöäÔöäÔöäÔöäÔöäÔöäÔöäÔöäÔöäÔöäÔöäÔöäÔöäÔöäÔöäÔöäÔöäÔöäÔöäÔöäÔöäÔöäÔöäÔöäÔöäÔöäÔöäÔöäÔöäÔöäÔöäÔöäÔöäÔöäÔöäÔöäÔöäÔöä
Ôöé ­ƒÉø ­ƒöì Resolver Step: "Cook Protein..." - isBranch: true, skippedForDiets: null
ÔööÔöÇÔöÇÔöÇÔöÇÔöÇÔöÇÔöÇÔöÇÔöÇÔöÇÔöÇÔöÇÔöÇÔöÇÔöÇÔöÇÔöÇÔöÇÔöÇÔöÇÔöÇÔöÇÔöÇÔöÇÔöÇÔöÇÔöÇÔöÇÔöÇÔöÇÔöÇÔöÇÔöÇÔöÇÔöÇÔöÇÔöÇÔöÇÔöÇÔöÇÔöÇÔöÇÔöÇÔöÇÔöÇÔöÇÔöÇÔöÇÔöÇÔöÇÔöÇÔöÇÔöÇÔöÇÔöÇÔöÇÔöÇÔöÇÔöÇÔöÇÔöÇÔöÇÔöÇÔöÇÔöÇÔöÇÔöÇÔöÇÔöÇÔöÇÔöÇÔöÇÔöÇÔöÇÔöÇÔöÇÔöÇÔöÇÔöÇÔöÇÔöÇÔöÇÔöÇÔöÇÔöÇÔöÇÔöÇÔöÇÔöÇÔöÇÔöÇÔöÇÔöÇÔöÇÔöÇÔöÇÔöÇÔöÇÔöÇÔöÇÔöÇÔöÇÔöÇÔöÇÔöÇÔöÇÔöÇÔöÇÔöÇÔöÇÔöÇÔöÇÔöÇÔöÇÔöÇÔöÇÔöÇÔöÇÔöÇ
ÔöîÔöÇÔöÇÔöÇÔöÇÔöÇÔöÇÔöÇÔöÇÔöÇÔöÇÔöÇÔöÇÔöÇÔöÇÔöÇÔöÇÔöÇÔöÇÔöÇÔöÇÔöÇÔöÇÔöÇÔöÇÔöÇÔöÇÔöÇÔöÇÔöÇÔöÇÔöÇÔöÇÔöÇÔöÇÔöÇÔöÇÔöÇÔöÇÔöÇÔöÇÔöÇÔöÇÔöÇÔöÇÔöÇÔöÇÔöÇÔöÇÔöÇÔöÇÔöÇÔöÇÔöÇÔöÇÔöÇÔöÇÔöÇÔöÇÔöÇÔöÇÔöÇÔöÇÔöÇÔöÇÔöÇÔöÇÔöÇÔöÇÔöÇÔöÇÔöÇÔöÇÔöÇÔöÇÔöÇÔöÇÔöÇÔöÇÔöÇÔöÇÔöÇÔöÇÔöÇÔöÇÔöÇÔöÇÔöÇÔöÇÔöÇÔöÇÔöÇÔöÇÔöÇÔöÇÔöÇÔöÇÔöÇÔöÇÔöÇÔöÇÔöÇÔöÇÔöÇÔöÇÔöÇÔöÇÔöÇÔöÇÔöÇÔöÇÔöÇÔöÇÔöÇÔöÇÔöÇÔöÇÔöÇÔöÇÔöÇ
Ôöé 10:48:16.651 (+0:00:00.018872)
Ôö£ÔöäÔöäÔöäÔöäÔöäÔöäÔöäÔöäÔöäÔöäÔöäÔöäÔöäÔöäÔöäÔöäÔöäÔöäÔöäÔöäÔöäÔöäÔöäÔöäÔöäÔöäÔöäÔöäÔöäÔöäÔöäÔöäÔöäÔöäÔöäÔöäÔöäÔöäÔöäÔöäÔöäÔöäÔöäÔöäÔöäÔöäÔöäÔöäÔöäÔöäÔöäÔöäÔöäÔöäÔöäÔöäÔöäÔöäÔöäÔöäÔöäÔöäÔöäÔöäÔöäÔöäÔöäÔöäÔöäÔöäÔöäÔöäÔöäÔöäÔöäÔöäÔöäÔöäÔöäÔöäÔöäÔöäÔöäÔöäÔöäÔöäÔöäÔöäÔöäÔöäÔöäÔöäÔöäÔöäÔöäÔöäÔöäÔöäÔöäÔöäÔöäÔöäÔöäÔöäÔöäÔöäÔöäÔöäÔöäÔöäÔöäÔöäÔöäÔöäÔöäÔöäÔöäÔöäÔöä
Ôöé ­ƒÉø    Ô£à Applicable diets: [Omnivore, Vegan]
ÔööÔöÇÔöÇÔöÇÔöÇÔöÇÔöÇÔöÇÔöÇÔöÇÔöÇÔöÇÔöÇÔöÇÔöÇÔöÇÔöÇÔöÇÔöÇÔöÇÔöÇÔöÇÔöÇÔöÇÔöÇÔöÇÔöÇÔöÇÔöÇÔöÇÔöÇÔöÇÔöÇÔöÇÔöÇÔöÇÔöÇÔöÇÔöÇÔöÇÔöÇÔöÇÔöÇÔöÇÔöÇÔöÇÔöÇÔöÇÔöÇÔöÇÔöÇÔöÇÔöÇÔöÇÔöÇÔöÇÔöÇÔöÇÔöÇÔöÇÔöÇÔöÇÔöÇÔöÇÔöÇÔöÇÔöÇÔöÇÔöÇÔöÇÔöÇÔöÇÔöÇÔöÇÔöÇÔöÇÔöÇÔöÇÔöÇÔöÇÔöÇÔöÇÔöÇÔöÇÔöÇÔöÇÔöÇÔöÇÔöÇÔöÇÔöÇÔöÇÔöÇÔöÇÔöÇÔöÇÔöÇÔöÇÔöÇÔöÇÔöÇÔöÇÔöÇÔöÇÔöÇÔöÇÔöÇÔöÇÔöÇÔöÇÔöÇÔöÇÔöÇÔöÇÔöÇÔöÇÔöÇÔöÇÔöÇÔöÇ
ÔòÉÔòÉÔòí EXCEPTION CAUGHT BY FLUTTER TEST FRAMEWORK Ôò×ÔòÉÔòÉÔòÉÔòÉÔòÉÔòÉÔòÉÔòÉÔòÉÔòÉÔòÉÔòÉÔòÉÔòÉÔòÉÔòÉÔòÉÔòÉÔòÉÔòÉÔòÉÔòÉÔòÉÔòÉÔòÉÔòÉÔòÉÔòÉÔòÉÔòÉÔòÉÔòÉÔòÉÔòÉÔòÉÔòÉÔòÉÔòÉÔòÉÔòÉÔòÉÔòÉÔòÉÔòÉÔòÉÔòÉÔòÉÔòÉÔòÉÔòÉÔòÉÔòÉ
The following TestFailure was thrown running a test:
Expected: exactly one matching candidate
  Actual: _DescendantWidgetFinder:<Found 0 widgets with text "Mom" descending from widgets with type
"Column": []>
   Which: means none were found but one was expected

When the exception was thrown, this was the stack:
#4      main.<anonymous closure>.<anonymous closure> (file:///D:/Gastronomic%20OS/test/features/recipes/presentation/pages/recipe_detail_page_test.dart:122:7)
<asynchronous suspension>
#5      testWidgets.<anonymous closure>.<anonymous closure> (package:flutter_test/src/widget_tester.dart:192:15)
<asynchronous suspension>
#6      TestWidgetsFlutterBinding._runTestBody (package:flutter_test/src/binding.dart:1059:5)
<asynchronous suspension>
<asynchronous suspension>
(elided one frame from package:stack_trace)

This was caught by the test expectation on the following line:
  file:///D:/Gastronomic%20OS/test/features/recipes/presentation/pages/recipe_detail_page_test.dart line 122
The test description was:
  Should display different instructions for mixed-diet family
ÔòÉÔòÉÔòÉÔòÉÔòÉÔòÉÔòÉÔòÉÔòÉÔòÉÔòÉÔòÉÔòÉÔòÉÔòÉÔòÉÔòÉÔòÉÔòÉÔòÉÔòÉÔòÉÔòÉÔòÉÔòÉÔòÉÔòÉÔòÉÔòÉÔòÉÔòÉÔòÉÔòÉÔòÉÔòÉÔòÉÔòÉÔòÉÔòÉÔòÉÔòÉÔòÉÔòÉÔòÉÔòÉÔòÉÔòÉÔòÉÔòÉÔòÉÔòÉÔòÉÔòÉÔòÉÔòÉÔòÉÔòÉÔòÉÔòÉÔòÉÔòÉÔòÉÔòÉÔòÉÔòÉÔòÉÔòÉÔòÉÔòÉÔòÉÔòÉÔòÉÔòÉÔòÉÔòÉÔòÉÔòÉÔòÉÔòÉÔòÉÔòÉÔòÉÔòÉÔòÉÔòÉÔòÉÔòÉÔòÉÔòÉÔòÉÔòÉÔòÉÔòÉÔòÉÔòÉÔòÉÔòÉÔòÉÔòÉÔòÉ
00:00 +0 -1: RecipeDetailPage UI Tests Should display different instructions for mixed-diet family [E]
  Test failed. See exception logs above.
  The test description was: Should display different instructions for mixed-diet family
  
00:00 +0 -1: RecipeDetailPage UI Tests Should HIDE meat step for fully Vegan family
ÔöîÔöÇÔöÇÔöÇÔöÇÔöÇÔöÇÔöÇÔöÇÔöÇÔöÇÔöÇÔöÇÔöÇÔöÇÔöÇÔöÇÔöÇÔöÇÔöÇÔöÇÔöÇÔöÇÔöÇÔöÇÔöÇÔöÇÔöÇÔöÇÔöÇÔöÇÔöÇÔöÇÔöÇÔöÇÔöÇÔöÇÔöÇÔöÇÔöÇÔöÇÔöÇÔöÇÔöÇÔöÇÔöÇÔöÇÔöÇÔöÇÔöÇÔöÇÔöÇÔöÇÔöÇÔöÇÔöÇÔöÇÔöÇÔöÇÔöÇÔöÇÔöÇÔöÇÔöÇÔöÇÔöÇÔöÇÔöÇÔöÇÔöÇÔöÇÔöÇÔöÇÔöÇÔöÇÔöÇÔöÇÔöÇÔöÇÔöÇÔöÇÔöÇÔöÇÔöÇÔöÇÔöÇÔöÇÔöÇÔöÇÔöÇÔöÇÔöÇÔöÇÔöÇÔöÇÔöÇÔöÇÔöÇÔöÇÔöÇÔöÇÔöÇÔöÇÔöÇÔöÇÔöÇÔöÇÔöÇÔöÇÔöÇÔöÇÔöÇÔöÇÔöÇÔöÇÔöÇÔöÇÔöÇÔöÇÔöÇ
Ôöé 10:48:17.008 (+0:00:00.376573)
Ôö£ÔöäÔöäÔöäÔöäÔöäÔöäÔöäÔöäÔöäÔöäÔöäÔöäÔöäÔöäÔöäÔöäÔöäÔöäÔöäÔöäÔöäÔöäÔöäÔöäÔöäÔöäÔöäÔöäÔöäÔöäÔöäÔöäÔöäÔöäÔöäÔöäÔöäÔöäÔöäÔöäÔöäÔöäÔöäÔöäÔöäÔöäÔöäÔöäÔöäÔöäÔöäÔöäÔöäÔöäÔöäÔöäÔöäÔöäÔöäÔöäÔöäÔöäÔöäÔöäÔöäÔöäÔöäÔöäÔöäÔöäÔöäÔöäÔöäÔöäÔöäÔöäÔöäÔöäÔöäÔöäÔöäÔöäÔöäÔöäÔöäÔöäÔöäÔöäÔöäÔöäÔöäÔöäÔöäÔöäÔöäÔöäÔöäÔöäÔöäÔöäÔöäÔöäÔöäÔöäÔöäÔöäÔöäÔöäÔöäÔöäÔöäÔöäÔöäÔöäÔöäÔöäÔöäÔöäÔöä
Ôöé ­ƒÉø ­ƒöì Resolver Step: "Prepare Base..." - isBranch: false, skippedForDiets: null
ÔööÔöÇÔöÇÔöÇÔöÇÔöÇÔöÇÔöÇÔöÇÔöÇÔöÇÔöÇÔöÇÔöÇÔöÇÔöÇÔöÇÔöÇÔöÇÔöÇÔöÇÔöÇÔöÇÔöÇÔöÇÔöÇÔöÇÔöÇÔöÇÔöÇÔöÇÔöÇÔöÇÔöÇÔöÇÔöÇÔöÇÔöÇÔöÇÔöÇÔöÇÔöÇÔöÇÔöÇÔöÇÔöÇÔöÇÔöÇÔöÇÔöÇÔöÇÔöÇÔöÇÔöÇÔöÇÔöÇÔöÇÔöÇÔöÇÔöÇÔöÇÔöÇÔöÇÔöÇÔöÇÔöÇÔöÇÔöÇÔöÇÔöÇÔöÇÔöÇÔöÇÔöÇÔöÇÔöÇÔöÇÔöÇÔöÇÔöÇÔöÇÔöÇÔöÇÔöÇÔöÇÔöÇÔöÇÔöÇÔöÇÔöÇÔöÇÔöÇÔöÇÔöÇÔöÇÔöÇÔöÇÔöÇÔöÇÔöÇÔöÇÔöÇÔöÇÔöÇÔöÇÔöÇÔöÇÔöÇÔöÇÔöÇÔöÇÔöÇÔöÇÔöÇÔöÇÔöÇÔöÇÔöÇÔöÇÔöÇ
ÔöîÔöÇÔöÇÔöÇÔöÇÔöÇÔöÇÔöÇÔöÇÔöÇÔöÇÔöÇÔöÇÔöÇÔöÇÔöÇÔöÇÔöÇÔöÇÔöÇÔöÇÔöÇÔöÇÔöÇÔöÇÔöÇÔöÇÔöÇÔöÇÔöÇÔöÇÔöÇÔöÇÔöÇÔöÇÔöÇÔöÇÔöÇÔöÇÔöÇÔöÇÔöÇÔöÇÔöÇÔöÇÔöÇÔöÇÔöÇÔöÇÔöÇÔöÇÔöÇÔöÇÔöÇÔöÇÔöÇÔöÇÔöÇÔöÇÔöÇÔöÇÔöÇÔöÇÔöÇÔöÇÔöÇÔöÇÔöÇÔöÇÔöÇÔöÇÔöÇÔöÇÔöÇÔöÇÔöÇÔöÇÔöÇÔöÇÔöÇÔöÇÔöÇÔöÇÔöÇÔöÇÔöÇÔöÇÔöÇÔöÇÔöÇÔöÇÔöÇÔöÇÔöÇÔöÇÔöÇÔöÇÔöÇÔöÇÔöÇÔöÇÔöÇÔöÇÔöÇÔöÇÔöÇÔöÇÔöÇÔöÇÔöÇÔöÇÔöÇÔöÇÔöÇÔöÇÔöÇÔöÇÔöÇÔöÇÔöÇ
Ôöé 10:48:17.009 (+0:00:00.377576)
Ôö£ÔöäÔöäÔöäÔöäÔöäÔöäÔöäÔöäÔöäÔöäÔöäÔöäÔöäÔöäÔöäÔöäÔöäÔöäÔöäÔöäÔöäÔöäÔöäÔöäÔöäÔöäÔöäÔöäÔöäÔöäÔöäÔöäÔöäÔöäÔöäÔöäÔöäÔöäÔöäÔöäÔöäÔöäÔöäÔöäÔöäÔöäÔöäÔöäÔöäÔöäÔöäÔöäÔöäÔöäÔöäÔöäÔöäÔöäÔöäÔöäÔöäÔöäÔöäÔöäÔöäÔöäÔöäÔöäÔöäÔöäÔöäÔöäÔöäÔöäÔöäÔöäÔöäÔöäÔöäÔöäÔöäÔöäÔöäÔöäÔöäÔöäÔöäÔöäÔöäÔöäÔöäÔöäÔöäÔöäÔöäÔöäÔöäÔöäÔöäÔöäÔöäÔöäÔöäÔöäÔöäÔöäÔöäÔöäÔöäÔöäÔöäÔöäÔöäÔöäÔöäÔöäÔöäÔöäÔöä
Ôöé ­ƒÉø    Ô£à Applicable diets: [Vegan]
ÔööÔöÇÔöÇÔöÇÔöÇÔöÇÔöÇÔöÇÔöÇÔöÇÔöÇÔöÇÔöÇÔöÇÔöÇÔöÇÔöÇÔöÇÔöÇÔöÇÔöÇÔöÇÔöÇÔöÇÔöÇÔöÇÔöÇÔöÇÔöÇÔöÇÔöÇÔöÇÔöÇÔöÇÔöÇÔöÇÔöÇÔöÇÔöÇÔöÇÔöÇÔöÇÔöÇÔöÇÔöÇÔöÇÔöÇÔöÇÔöÇÔöÇÔöÇÔöÇÔöÇÔöÇÔöÇÔöÇÔöÇÔöÇÔöÇÔöÇÔöÇÔöÇÔöÇÔöÇÔöÇÔöÇÔöÇÔöÇÔöÇÔöÇÔöÇÔöÇÔöÇÔöÇÔöÇÔöÇÔöÇÔöÇÔöÇÔöÇÔöÇÔöÇÔöÇÔöÇÔöÇÔöÇÔöÇÔöÇÔöÇÔöÇÔöÇÔöÇÔöÇÔöÇÔöÇÔöÇÔöÇÔöÇÔöÇÔöÇÔöÇÔöÇÔöÇÔöÇÔöÇÔöÇÔöÇÔöÇÔöÇÔöÇÔöÇÔöÇÔöÇÔöÇÔöÇÔöÇÔöÇÔöÇÔöÇÔöÇ
ÔöîÔöÇÔöÇÔöÇÔöÇÔöÇÔöÇÔöÇÔöÇÔöÇÔöÇÔöÇÔöÇÔöÇÔöÇÔöÇÔöÇÔöÇÔöÇÔöÇÔöÇÔöÇÔöÇÔöÇÔöÇÔöÇÔöÇÔöÇÔöÇÔöÇÔöÇÔöÇÔöÇÔöÇÔöÇÔöÇÔöÇÔöÇÔöÇÔöÇÔöÇÔöÇÔöÇÔöÇÔöÇÔöÇÔöÇÔöÇÔöÇÔöÇÔöÇÔöÇÔöÇÔöÇÔöÇÔöÇÔöÇÔöÇÔöÇÔöÇÔöÇÔöÇÔöÇÔöÇÔöÇÔöÇÔöÇÔöÇÔöÇÔöÇÔöÇÔöÇÔöÇÔöÇÔöÇÔöÇÔöÇÔöÇÔöÇÔöÇÔöÇÔöÇÔöÇÔöÇÔöÇÔöÇÔöÇÔöÇÔöÇÔöÇÔöÇÔöÇÔöÇÔöÇÔöÇÔöÇÔöÇÔöÇÔöÇÔöÇÔöÇÔöÇÔöÇÔöÇÔöÇÔöÇÔöÇÔöÇÔöÇÔöÇÔöÇÔöÇÔöÇÔöÇÔöÇÔöÇÔöÇÔöÇÔöÇÔöÇ
Ôöé 10:48:17.009 (+0:00:00.377576)
Ôö£ÔöäÔöäÔöäÔöäÔöäÔöäÔöäÔöäÔöäÔöäÔöäÔöäÔöäÔöäÔöäÔöäÔöäÔöäÔöäÔöäÔöäÔöäÔöäÔöäÔöäÔöäÔöäÔöäÔöäÔöäÔöäÔöäÔöäÔöäÔöäÔöäÔöäÔöäÔöäÔöäÔöäÔöäÔöäÔöäÔöäÔöäÔöäÔöäÔöäÔöäÔöäÔöäÔöäÔöäÔöäÔöäÔöäÔöäÔöäÔöäÔöäÔöäÔöäÔöäÔöäÔöäÔöäÔöäÔöäÔöäÔöäÔöäÔöäÔöäÔöäÔöäÔöäÔöäÔöäÔöäÔöäÔöäÔöäÔöäÔöäÔöäÔöäÔöäÔöäÔöäÔöäÔöäÔöäÔöäÔöäÔöäÔöäÔöäÔöäÔöäÔöäÔöäÔöäÔöäÔöäÔöäÔöäÔöäÔöäÔöäÔöäÔöäÔöäÔöäÔöäÔöäÔöäÔöäÔöä
Ôöé ­ƒÉø    ­ƒôØ Creating universal step for: [User1, User2]
ÔööÔöÇÔöÇÔöÇÔöÇÔöÇÔöÇÔöÇÔöÇÔöÇÔöÇÔöÇÔöÇÔöÇÔöÇÔöÇÔöÇÔöÇÔöÇÔöÇÔöÇÔöÇÔöÇÔöÇÔöÇÔöÇÔöÇÔöÇÔöÇÔöÇÔöÇÔöÇÔöÇÔöÇÔöÇÔöÇÔöÇÔöÇÔöÇÔöÇÔöÇÔöÇÔöÇÔöÇÔöÇÔöÇÔöÇÔöÇÔöÇÔöÇÔöÇÔöÇÔöÇÔöÇÔöÇÔöÇÔöÇÔöÇÔöÇÔöÇÔöÇÔöÇÔöÇÔöÇÔöÇÔöÇÔöÇÔöÇÔöÇÔöÇÔöÇÔöÇÔöÇÔöÇÔöÇÔöÇÔöÇÔöÇÔöÇÔöÇÔöÇÔöÇÔöÇÔöÇÔöÇÔöÇÔöÇÔöÇÔöÇÔöÇÔöÇÔöÇÔöÇÔöÇÔöÇÔöÇÔöÇÔöÇÔöÇÔöÇÔöÇÔöÇÔöÇÔöÇÔöÇÔöÇÔöÇÔöÇÔöÇÔöÇÔöÇÔöÇÔöÇÔöÇÔöÇÔöÇÔöÇÔöÇÔöÇÔöÇ
ÔöîÔöÇÔöÇÔöÇÔöÇÔöÇÔöÇÔöÇÔöÇÔöÇÔöÇÔöÇÔöÇÔöÇÔöÇÔöÇÔöÇÔöÇÔöÇÔöÇÔöÇÔöÇÔöÇÔöÇÔöÇÔöÇÔöÇÔöÇÔöÇÔöÇÔöÇÔöÇÔöÇÔöÇÔöÇÔöÇÔöÇÔöÇÔöÇÔöÇÔöÇÔöÇÔöÇÔöÇÔöÇÔöÇÔöÇÔöÇÔöÇÔöÇÔöÇÔöÇÔöÇÔöÇÔöÇÔöÇÔöÇÔöÇÔöÇÔöÇÔöÇÔöÇÔöÇÔöÇÔöÇÔöÇÔöÇÔöÇÔöÇÔöÇÔöÇÔöÇÔöÇÔöÇÔöÇÔöÇÔöÇÔöÇÔöÇÔöÇÔöÇÔöÇÔöÇÔöÇÔöÇÔöÇÔöÇÔöÇÔöÇÔöÇÔöÇÔöÇÔöÇÔöÇÔöÇÔöÇÔöÇÔöÇÔöÇÔöÇÔöÇÔöÇÔöÇÔöÇÔöÇÔöÇÔöÇÔöÇÔöÇÔöÇÔöÇÔöÇÔöÇÔöÇÔöÇÔöÇÔöÇÔöÇÔöÇÔöÇ
Ôöé 10:48:17.009 (+0:00:00.377576)
Ôö£ÔöäÔöäÔöäÔöäÔöäÔöäÔöäÔöäÔöäÔöäÔöäÔöäÔöäÔöäÔöäÔöäÔöäÔöäÔöäÔöäÔöäÔöäÔöäÔöäÔöäÔöäÔöäÔöäÔöäÔöäÔöäÔöäÔöäÔöäÔöäÔöäÔöäÔöäÔöäÔöäÔöäÔöäÔöäÔöäÔöäÔöäÔöäÔöäÔöäÔöäÔöäÔöäÔöäÔöäÔöäÔöäÔöäÔöäÔöäÔöäÔöäÔöäÔöäÔöäÔöäÔöäÔöäÔöäÔöäÔöäÔöäÔöäÔöäÔöäÔöäÔöäÔöäÔöäÔöäÔöäÔöäÔöäÔöäÔöäÔöäÔöäÔöäÔöäÔöäÔöäÔöäÔöäÔöäÔöäÔöäÔöäÔöäÔöäÔöäÔöäÔöäÔöäÔöäÔöäÔöäÔöäÔöäÔöäÔöäÔöäÔöäÔöäÔöäÔöäÔöäÔöäÔöäÔöäÔöä
Ôöé ­ƒÉø ­ƒöì Resolver Step: "Cook Protein..." - isBranch: true, skippedForDiets: null
ÔööÔöÇÔöÇÔöÇÔöÇÔöÇÔöÇÔöÇÔöÇÔöÇÔöÇÔöÇÔöÇÔöÇÔöÇÔöÇÔöÇÔöÇÔöÇÔöÇÔöÇÔöÇÔöÇÔöÇÔöÇÔöÇÔöÇÔöÇÔöÇÔöÇÔöÇÔöÇÔöÇÔöÇÔöÇÔöÇÔöÇÔöÇÔöÇÔöÇÔöÇÔöÇÔöÇÔöÇÔöÇÔöÇÔöÇÔöÇÔöÇÔöÇÔöÇÔöÇÔöÇÔöÇÔöÇÔöÇÔöÇÔöÇÔöÇÔöÇÔöÇÔöÇÔöÇÔöÇÔöÇÔöÇÔöÇÔöÇÔöÇÔöÇÔöÇÔöÇÔöÇÔöÇÔöÇÔöÇÔöÇÔöÇÔöÇÔöÇÔöÇÔöÇÔöÇÔöÇÔöÇÔöÇÔöÇÔöÇÔöÇÔöÇÔöÇÔöÇÔöÇÔöÇÔöÇÔöÇÔöÇÔöÇÔöÇÔöÇÔöÇÔöÇÔöÇÔöÇÔöÇÔöÇÔöÇÔöÇÔöÇÔöÇÔöÇÔöÇÔöÇÔöÇÔöÇÔöÇÔöÇÔöÇÔöÇÔöÇ
ÔöîÔöÇÔöÇÔöÇÔöÇÔöÇÔöÇÔöÇÔöÇÔöÇÔöÇÔöÇÔöÇÔöÇÔöÇÔöÇÔöÇÔöÇÔöÇÔöÇÔöÇÔöÇÔöÇÔöÇÔöÇÔöÇÔöÇÔöÇÔöÇÔöÇÔöÇÔöÇÔöÇÔöÇÔöÇÔöÇÔöÇÔöÇÔöÇÔöÇÔöÇÔöÇÔöÇÔöÇÔöÇÔöÇÔöÇÔöÇÔöÇÔöÇÔöÇÔöÇÔöÇÔöÇÔöÇÔöÇÔöÇÔöÇÔöÇÔöÇÔöÇÔöÇÔöÇÔöÇÔöÇÔöÇÔöÇÔöÇÔöÇÔöÇÔöÇÔöÇÔöÇÔöÇÔöÇÔöÇÔöÇÔöÇÔöÇÔöÇÔöÇÔöÇÔöÇÔöÇÔöÇÔöÇÔöÇÔöÇÔöÇÔöÇÔöÇÔöÇÔöÇÔöÇÔöÇÔöÇÔöÇÔöÇÔöÇÔöÇÔöÇÔöÇÔöÇÔöÇÔöÇÔöÇÔöÇÔöÇÔöÇÔöÇÔöÇÔöÇÔöÇÔöÇÔöÇÔöÇÔöÇÔöÇÔöÇÔöÇ
Ôöé 10:48:17.009 (+0:00:00.377576)
Ôö£ÔöäÔöäÔöäÔöäÔöäÔöäÔöäÔöäÔöäÔöäÔöäÔöäÔöäÔöäÔöäÔöäÔöäÔöäÔöäÔöäÔöäÔöäÔöäÔöäÔöäÔöäÔöäÔöäÔöäÔöäÔöäÔöäÔöäÔöäÔöäÔöäÔöäÔöäÔöäÔöäÔöäÔöäÔöäÔöäÔöäÔöäÔöäÔöäÔöäÔöäÔöäÔöäÔöäÔöäÔöäÔöäÔöäÔöäÔöäÔöäÔöäÔöäÔöäÔöäÔöäÔöäÔöäÔöäÔöäÔöäÔöäÔöäÔöäÔöäÔöäÔöäÔöäÔöäÔöäÔöäÔöäÔöäÔöäÔöäÔöäÔöäÔöäÔöäÔöäÔöäÔöäÔöäÔöäÔöäÔöäÔöäÔöäÔöäÔöäÔöäÔöäÔöäÔöäÔöäÔöäÔöäÔöäÔöäÔöäÔöäÔöäÔöäÔöäÔöäÔöäÔöäÔöäÔöäÔöä
Ôöé ­ƒÉø    Ô£à Applicable diets: [Vegan]
ÔööÔöÇÔöÇÔöÇÔöÇÔöÇÔöÇÔöÇÔöÇÔöÇÔöÇÔöÇÔöÇÔöÇÔöÇÔöÇÔöÇÔöÇÔöÇÔöÇÔöÇÔöÇÔöÇÔöÇÔöÇÔöÇÔöÇÔöÇÔöÇÔöÇÔöÇÔöÇÔöÇÔöÇÔöÇÔöÇÔöÇÔöÇÔöÇÔöÇÔöÇÔöÇÔöÇÔöÇÔöÇÔöÇÔöÇÔöÇÔöÇÔöÇÔöÇÔöÇÔöÇÔöÇÔöÇÔöÇÔöÇÔöÇÔöÇÔöÇÔöÇÔöÇÔöÇÔöÇÔöÇÔöÇÔöÇÔöÇÔöÇÔöÇÔöÇÔöÇÔöÇÔöÇÔöÇÔöÇÔöÇÔöÇÔöÇÔöÇÔöÇÔöÇÔöÇÔöÇÔöÇÔöÇÔöÇÔöÇÔöÇÔöÇÔöÇÔöÇÔöÇÔöÇÔöÇÔöÇÔöÇÔöÇÔöÇÔöÇÔöÇÔöÇÔöÇÔöÇÔöÇÔöÇÔöÇÔöÇÔöÇÔöÇÔöÇÔöÇÔöÇÔöÇÔöÇÔöÇÔöÇÔöÇÔöÇÔöÇ
ÔöîÔöÇÔöÇÔöÇÔöÇÔöÇÔöÇÔöÇÔöÇÔöÇÔöÇÔöÇÔöÇÔöÇÔöÇÔöÇÔöÇÔöÇÔöÇÔöÇÔöÇÔöÇÔöÇÔöÇÔöÇÔöÇÔöÇÔöÇÔöÇÔöÇÔöÇÔöÇÔöÇÔöÇÔöÇÔöÇÔöÇÔöÇÔöÇÔöÇÔöÇÔöÇÔöÇÔöÇÔöÇÔöÇÔöÇÔöÇÔöÇÔöÇÔöÇÔöÇÔöÇÔöÇÔöÇÔöÇÔöÇÔöÇÔöÇÔöÇÔöÇÔöÇÔöÇÔöÇÔöÇÔöÇÔöÇÔöÇÔöÇÔöÇÔöÇÔöÇÔöÇÔöÇÔöÇÔöÇÔöÇÔöÇÔöÇÔöÇÔöÇÔöÇÔöÇÔöÇÔöÇÔöÇÔöÇÔöÇÔöÇÔöÇÔöÇÔöÇÔöÇÔöÇÔöÇÔöÇÔöÇÔöÇÔöÇÔöÇÔöÇÔöÇÔöÇÔöÇÔöÇÔöÇÔöÇÔöÇÔöÇÔöÇÔöÇÔöÇÔöÇÔöÇÔöÇÔöÇÔöÇÔöÇÔöÇÔöÇ
Ôöé 10:48:17.009 (+0:00:00.377576)
Ôö£ÔöäÔöäÔöäÔöäÔöäÔöäÔöäÔöäÔöäÔöäÔöäÔöäÔöäÔöäÔöäÔöäÔöäÔöäÔöäÔöäÔöäÔöäÔöäÔöäÔöäÔöäÔöäÔöäÔöäÔöäÔöäÔöäÔöäÔöäÔöäÔöäÔöäÔöäÔöäÔöäÔöäÔöäÔöäÔöäÔöäÔöäÔöäÔöäÔöäÔöäÔöäÔöäÔöäÔöäÔöäÔöäÔöäÔöäÔöäÔöäÔöäÔöäÔöäÔöäÔöäÔöäÔöäÔöäÔöäÔöäÔöäÔöäÔöäÔöäÔöäÔöäÔöäÔöäÔöäÔöäÔöäÔöäÔöäÔöäÔöäÔöäÔöäÔöäÔöäÔöäÔöäÔöäÔöäÔöäÔöäÔöäÔöäÔöäÔöäÔöäÔöäÔöäÔöäÔöäÔöäÔöäÔöäÔöäÔöäÔöäÔöäÔöäÔöäÔöäÔöäÔöäÔöäÔöäÔöä
Ôöé ­ƒÉø ­ƒöì Resolver Step: "Prepare Base..." - isBranch: false, skippedForDiets: null
ÔööÔöÇÔöÇÔöÇÔöÇÔöÇÔöÇÔöÇÔöÇÔöÇÔöÇÔöÇÔöÇÔöÇÔöÇÔöÇÔöÇÔöÇÔöÇÔöÇÔöÇÔöÇÔöÇÔöÇÔöÇÔöÇÔöÇÔöÇÔöÇÔöÇÔöÇÔöÇÔöÇÔöÇÔöÇÔöÇÔöÇÔöÇÔöÇÔöÇÔöÇÔöÇÔöÇÔöÇÔöÇÔöÇÔöÇÔöÇÔöÇÔöÇÔöÇÔöÇÔöÇÔöÇÔöÇÔöÇÔöÇÔöÇÔöÇÔöÇÔöÇÔöÇÔöÇÔöÇÔöÇÔöÇÔöÇÔöÇÔöÇÔöÇÔöÇÔöÇÔöÇÔöÇÔöÇÔöÇÔöÇÔöÇÔöÇÔöÇÔöÇÔöÇÔöÇÔöÇÔöÇÔöÇÔöÇÔöÇÔöÇÔöÇÔöÇÔöÇÔöÇÔöÇÔöÇÔöÇÔöÇÔöÇÔöÇÔöÇÔöÇÔöÇÔöÇÔöÇÔöÇÔöÇÔöÇÔöÇÔöÇÔöÇÔöÇÔöÇÔöÇÔöÇÔöÇÔöÇÔöÇÔöÇÔöÇÔöÇ
ÔöîÔöÇÔöÇÔöÇÔöÇÔöÇÔöÇÔöÇÔöÇÔöÇÔöÇÔöÇÔöÇÔöÇÔöÇÔöÇÔöÇÔöÇÔöÇÔöÇÔöÇÔöÇÔöÇÔöÇÔöÇÔöÇÔöÇÔöÇÔöÇÔöÇÔöÇÔöÇÔöÇÔöÇÔöÇÔöÇÔöÇÔöÇÔöÇÔöÇÔöÇÔöÇÔöÇÔöÇÔöÇÔöÇÔöÇÔöÇÔöÇÔöÇÔöÇÔöÇÔöÇÔöÇÔöÇÔöÇÔöÇÔöÇÔöÇÔöÇÔöÇÔöÇÔöÇÔöÇÔöÇÔöÇÔöÇÔöÇÔöÇÔöÇÔöÇÔöÇÔöÇÔöÇÔöÇÔöÇÔöÇÔöÇÔöÇÔöÇÔöÇÔöÇÔöÇÔöÇÔöÇÔöÇÔöÇÔöÇÔöÇÔöÇÔöÇÔöÇÔöÇÔöÇÔöÇÔöÇÔöÇÔöÇÔöÇÔöÇÔöÇÔöÇÔöÇÔöÇÔöÇÔöÇÔöÇÔöÇÔöÇÔöÇÔöÇÔöÇÔöÇÔöÇÔöÇÔöÇÔöÇÔöÇÔöÇÔöÇ
Ôöé 10:48:17.009 (+0:00:00.377576)
Ôö£ÔöäÔöäÔöäÔöäÔöäÔöäÔöäÔöäÔöäÔöäÔöäÔöäÔöäÔöäÔöäÔöäÔöäÔöäÔöäÔöäÔöäÔöäÔöäÔöäÔöäÔöäÔöäÔöäÔöäÔöäÔöäÔöäÔöäÔöäÔöäÔöäÔöäÔöäÔöäÔöäÔöäÔöäÔöäÔöäÔöäÔöäÔöäÔöäÔöäÔöäÔöäÔöäÔöäÔöäÔöäÔöäÔöäÔöäÔöäÔöäÔöäÔöäÔöäÔöäÔöäÔöäÔöäÔöäÔöäÔöäÔöäÔöäÔöäÔöäÔöäÔöäÔöäÔöäÔöäÔöäÔöäÔöäÔöäÔöäÔöäÔöäÔöäÔöäÔöäÔöäÔöäÔöäÔöäÔöäÔöäÔöäÔöäÔöäÔöäÔöäÔöäÔöäÔöäÔöäÔöäÔöäÔöäÔöäÔöäÔöäÔöäÔöäÔöäÔöäÔöäÔöäÔöäÔöäÔöä
Ôöé ­ƒÉø    Ô£à Applicable diets: [Vegan]
ÔööÔöÇÔöÇÔöÇÔöÇÔöÇÔöÇÔöÇÔöÇÔöÇÔöÇÔöÇÔöÇÔöÇÔöÇÔöÇÔöÇÔöÇÔöÇÔöÇÔöÇÔöÇÔöÇÔöÇÔöÇÔöÇÔöÇÔöÇÔöÇÔöÇÔöÇÔöÇÔöÇÔöÇÔöÇÔöÇÔöÇÔöÇÔöÇÔöÇÔöÇÔöÇÔöÇÔöÇÔöÇÔöÇÔöÇÔöÇÔöÇÔöÇÔöÇÔöÇÔöÇÔöÇÔöÇÔöÇÔöÇÔöÇÔöÇÔöÇÔöÇÔöÇÔöÇÔöÇÔöÇÔöÇÔöÇÔöÇÔöÇÔöÇÔöÇÔöÇÔöÇÔöÇÔöÇÔöÇÔöÇÔöÇÔöÇÔöÇÔöÇÔöÇÔöÇÔöÇÔöÇÔöÇÔöÇÔöÇÔöÇÔöÇÔöÇÔöÇÔöÇÔöÇÔöÇÔöÇÔöÇÔöÇÔöÇÔöÇÔöÇÔöÇÔöÇÔöÇÔöÇÔöÇÔöÇÔöÇÔöÇÔöÇÔöÇÔöÇÔöÇÔöÇÔöÇÔöÇÔöÇÔöÇÔöÇÔöÇ
ÔöîÔöÇÔöÇÔöÇÔöÇÔöÇÔöÇÔöÇÔöÇÔöÇÔöÇÔöÇÔöÇÔöÇÔöÇÔöÇÔöÇÔöÇÔöÇÔöÇÔöÇÔöÇÔöÇÔöÇÔöÇÔöÇÔöÇÔöÇÔöÇÔöÇÔöÇÔöÇÔöÇÔöÇÔöÇÔöÇÔöÇÔöÇÔöÇÔöÇÔöÇÔöÇÔöÇÔöÇÔöÇÔöÇÔöÇÔöÇÔöÇÔöÇÔöÇÔöÇÔöÇÔöÇÔöÇÔöÇÔöÇÔöÇÔöÇÔöÇÔöÇÔöÇÔöÇÔöÇÔöÇÔöÇÔöÇÔöÇÔöÇÔöÇÔöÇÔöÇÔöÇÔöÇÔöÇÔöÇÔöÇÔöÇÔöÇÔöÇÔöÇÔöÇÔöÇÔöÇÔöÇÔöÇÔöÇÔöÇÔöÇÔöÇÔöÇÔöÇÔöÇÔöÇÔöÇÔöÇÔöÇÔöÇÔöÇÔöÇÔöÇÔöÇÔöÇÔöÇÔöÇÔöÇÔöÇÔöÇÔöÇÔöÇÔöÇÔöÇÔöÇÔöÇÔöÇÔöÇÔöÇÔöÇÔöÇÔöÇ
Ôöé 10:48:17.009 (+0:00:00.377576)
Ôö£ÔöäÔöäÔöäÔöäÔöäÔöäÔöäÔöäÔöäÔöäÔöäÔöäÔöäÔöäÔöäÔöäÔöäÔöäÔöäÔöäÔöäÔöäÔöäÔöäÔöäÔöäÔöäÔöäÔöäÔöäÔöäÔöäÔöäÔöäÔöäÔöäÔöäÔöäÔöäÔöäÔöäÔöäÔöäÔöäÔöäÔöäÔöäÔöäÔöäÔöäÔöäÔöäÔöäÔöäÔöäÔöäÔöäÔöäÔöäÔöäÔöäÔöäÔöäÔöäÔöäÔöäÔöäÔöäÔöäÔöäÔöäÔöäÔöäÔöäÔöäÔöäÔöäÔöäÔöäÔöäÔöäÔöäÔöäÔöäÔöäÔöäÔöäÔöäÔöäÔöäÔöäÔöäÔöäÔöäÔöäÔöäÔöäÔöäÔöäÔöäÔöäÔöäÔöäÔöäÔöäÔöäÔöäÔöäÔöäÔöäÔöäÔöäÔöäÔöäÔöäÔöäÔöäÔöäÔöä
Ôöé ­ƒÉø    ­ƒôØ Creating universal step for: [User1, User2]
ÔööÔöÇÔöÇÔöÇÔöÇÔöÇÔöÇÔöÇÔöÇÔöÇÔöÇÔöÇÔöÇÔöÇÔöÇÔöÇÔöÇÔöÇÔöÇÔöÇÔöÇÔöÇÔöÇÔöÇÔöÇÔöÇÔöÇÔöÇÔöÇÔöÇÔöÇÔöÇÔöÇÔöÇÔöÇÔöÇÔöÇÔöÇÔöÇÔöÇÔöÇÔöÇÔöÇÔöÇÔöÇÔöÇÔöÇÔöÇÔöÇÔöÇÔöÇÔöÇÔöÇÔöÇÔöÇÔöÇÔöÇÔöÇÔöÇÔöÇÔöÇÔöÇÔöÇÔöÇÔöÇÔöÇÔöÇÔöÇÔöÇÔöÇÔöÇÔöÇÔöÇÔöÇÔöÇÔöÇÔöÇÔöÇÔöÇÔöÇÔöÇÔöÇÔöÇÔöÇÔöÇÔöÇÔöÇÔöÇÔöÇÔöÇÔöÇÔöÇÔöÇÔöÇÔöÇÔöÇÔöÇÔöÇÔöÇÔöÇÔöÇÔöÇÔöÇÔöÇÔöÇÔöÇÔöÇÔöÇÔöÇÔöÇÔöÇÔöÇÔöÇÔöÇÔöÇÔöÇÔöÇÔöÇÔöÇÔöÇ
ÔöîÔöÇÔöÇÔöÇÔöÇÔöÇÔöÇÔöÇÔöÇÔöÇÔöÇÔöÇÔöÇÔöÇÔöÇÔöÇÔöÇÔöÇÔöÇÔöÇÔöÇÔöÇÔöÇÔöÇÔöÇÔöÇÔöÇÔöÇÔöÇÔöÇÔöÇÔöÇÔöÇÔöÇÔöÇÔöÇÔöÇÔöÇÔöÇÔöÇÔöÇÔöÇÔöÇÔöÇÔöÇÔöÇÔöÇÔöÇÔöÇÔöÇÔöÇÔöÇÔöÇÔöÇÔöÇÔöÇÔöÇÔöÇÔöÇÔöÇÔöÇÔöÇÔöÇÔöÇÔöÇÔöÇÔöÇÔöÇÔöÇÔöÇÔöÇÔöÇÔöÇÔöÇÔöÇÔöÇÔöÇÔöÇÔöÇÔöÇÔöÇÔöÇÔöÇÔöÇÔöÇÔöÇÔöÇÔöÇÔöÇÔöÇÔöÇÔöÇÔöÇÔöÇÔöÇÔöÇÔöÇÔöÇÔöÇÔöÇÔöÇÔöÇÔöÇÔöÇÔöÇÔöÇÔöÇÔöÇÔöÇÔöÇÔöÇÔöÇÔöÇÔöÇÔöÇÔöÇÔöÇÔöÇÔöÇÔöÇ
Ôöé 10:48:17.009 (+0:00:00.377576)
Ôö£ÔöäÔöäÔöäÔöäÔöäÔöäÔöäÔöäÔöäÔöäÔöäÔöäÔöäÔöäÔöäÔöäÔöäÔöäÔöäÔöäÔöäÔöäÔöäÔöäÔöäÔöäÔöäÔöäÔöäÔöäÔöäÔöäÔöäÔöäÔöäÔöäÔöäÔöäÔöäÔöäÔöäÔöäÔöäÔöäÔöäÔöäÔöäÔöäÔöäÔöäÔöäÔöäÔöäÔöäÔöäÔöäÔöäÔöäÔöäÔöäÔöäÔöäÔöäÔöäÔöäÔöäÔöäÔöäÔöäÔöäÔöäÔöäÔöäÔöäÔöäÔöäÔöäÔöäÔöäÔöäÔöäÔöäÔöäÔöäÔöäÔöäÔöäÔöäÔöäÔöäÔöäÔöäÔöäÔöäÔöäÔöäÔöäÔöäÔöäÔöäÔöäÔöäÔöäÔöäÔöäÔöäÔöäÔöäÔöäÔöäÔöäÔöäÔöäÔöäÔöäÔöäÔöäÔöäÔöä
Ôöé ­ƒÉø ­ƒöì Resolver Step: "Cook Protein..." - isBranch: true, skippedForDiets: null
ÔööÔöÇÔöÇÔöÇÔöÇÔöÇÔöÇÔöÇÔöÇÔöÇÔöÇÔöÇÔöÇÔöÇÔöÇÔöÇÔöÇÔöÇÔöÇÔöÇÔöÇÔöÇÔöÇÔöÇÔöÇÔöÇÔöÇÔöÇÔöÇÔöÇÔöÇÔöÇÔöÇÔöÇÔöÇÔöÇÔöÇÔöÇÔöÇÔöÇÔöÇÔöÇÔöÇÔöÇÔöÇÔöÇÔöÇÔöÇÔöÇÔöÇÔöÇÔöÇÔöÇÔöÇÔöÇÔöÇÔöÇÔöÇÔöÇÔöÇÔöÇÔöÇÔöÇÔöÇÔöÇÔöÇÔöÇÔöÇÔöÇÔöÇÔöÇÔöÇÔöÇÔöÇÔöÇÔöÇÔöÇÔöÇÔöÇÔöÇÔöÇÔöÇÔöÇÔöÇÔöÇÔöÇÔöÇÔöÇÔöÇÔöÇÔöÇÔöÇÔöÇÔöÇÔöÇÔöÇÔöÇÔöÇÔöÇÔöÇÔöÇÔöÇÔöÇÔöÇÔöÇÔöÇÔöÇÔöÇÔöÇÔöÇÔöÇÔöÇÔöÇÔöÇÔöÇÔöÇÔöÇÔöÇÔöÇÔöÇ
ÔöîÔöÇÔöÇÔöÇÔöÇÔöÇÔöÇÔöÇÔöÇÔöÇÔöÇÔöÇÔöÇÔöÇÔöÇÔöÇÔöÇÔöÇÔöÇÔöÇÔöÇÔöÇÔöÇÔöÇÔöÇÔöÇÔöÇÔöÇÔöÇÔöÇÔöÇÔöÇÔöÇÔöÇÔöÇÔöÇÔöÇÔöÇÔöÇÔöÇÔöÇÔöÇÔöÇÔöÇÔöÇÔöÇÔöÇÔöÇÔöÇÔöÇÔöÇÔöÇÔöÇÔöÇÔöÇÔöÇÔöÇÔöÇÔöÇÔöÇÔöÇÔöÇÔöÇÔöÇÔöÇÔöÇÔöÇÔöÇÔöÇÔöÇÔöÇÔöÇÔöÇÔöÇÔöÇÔöÇÔöÇÔöÇÔöÇÔöÇÔöÇÔöÇÔöÇÔöÇÔöÇÔöÇÔöÇÔöÇÔöÇÔöÇÔöÇÔöÇÔöÇÔöÇÔöÇÔöÇÔöÇÔöÇÔöÇÔöÇÔöÇÔöÇÔöÇÔöÇÔöÇÔöÇÔöÇÔöÇÔöÇÔöÇÔöÇÔöÇÔöÇÔöÇÔöÇÔöÇÔöÇÔöÇÔöÇÔöÇ
Ôöé 10:48:17.009 (+0:00:00.377576)
Ôö£ÔöäÔöäÔöäÔöäÔöäÔöäÔöäÔöäÔöäÔöäÔöäÔöäÔöäÔöäÔöäÔöäÔöäÔöäÔöäÔöäÔöäÔöäÔöäÔöäÔöäÔöäÔöäÔöäÔöäÔöäÔöäÔöäÔöäÔöäÔöäÔöäÔöäÔöäÔöäÔöäÔöäÔöäÔöäÔöäÔöäÔöäÔöäÔöäÔöäÔöäÔöäÔöäÔöäÔöäÔöäÔöäÔöäÔöäÔöäÔöäÔöäÔöäÔöäÔöäÔöäÔöäÔöäÔöäÔöäÔöäÔöäÔöäÔöäÔöäÔöäÔöäÔöäÔöäÔöäÔöäÔöäÔöäÔöäÔöäÔöäÔöäÔöäÔöäÔöäÔöäÔöäÔöäÔöäÔöäÔöäÔöäÔöäÔöäÔöäÔöäÔöäÔöäÔöäÔöäÔöäÔöäÔöäÔöäÔöäÔöäÔöäÔöäÔöäÔöäÔöäÔöäÔöäÔöäÔöä
Ôöé ­ƒÉø    Ô£à Applicable diets: [Vegan]
ÔööÔöÇÔöÇÔöÇÔöÇÔöÇÔöÇÔöÇÔöÇÔöÇÔöÇÔöÇÔöÇÔöÇÔöÇÔöÇÔöÇÔöÇÔöÇÔöÇÔöÇÔöÇÔöÇÔöÇÔöÇÔöÇÔöÇÔöÇÔöÇÔöÇÔöÇÔöÇÔöÇÔöÇÔöÇÔöÇÔöÇÔöÇÔöÇÔöÇÔöÇÔöÇÔöÇÔöÇÔöÇÔöÇÔöÇÔöÇÔöÇÔöÇÔöÇÔöÇÔöÇÔöÇÔöÇÔöÇÔöÇÔöÇÔöÇÔöÇÔöÇÔöÇÔöÇÔöÇÔöÇÔöÇÔöÇÔöÇÔöÇÔöÇÔöÇÔöÇÔöÇÔöÇÔöÇÔöÇÔöÇÔöÇÔöÇÔöÇÔöÇÔöÇÔöÇÔöÇÔöÇÔöÇÔöÇÔöÇÔöÇÔöÇÔöÇÔöÇÔöÇÔöÇÔöÇÔöÇÔöÇÔöÇÔöÇÔöÇÔöÇÔöÇÔöÇÔöÇÔöÇÔöÇÔöÇÔöÇÔöÇÔöÇÔöÇÔöÇÔöÇÔöÇÔöÇÔöÇÔöÇÔöÇÔöÇÔöÇ
00:01 +1 -1: Some tests failed.
